exports[`contactLoadFailed should return an action 1`] = `
Object {
  "error": "no idea why not",
  "type": "CONTACT_LOAD_FAILED",
}
`;

exports[`contactsLoaded should return an action 1`] = `
Object {
  "contacts": Array [
    Object {
      "familyName": "Dobbs",
      "givenName": "Bob",
      "helloAgainID": "bob-dobbs-5555",
    },
  ],
  "type": "CONTACTS_LOADED",
}
`;
