exports[`test renders a list of contacts 1`] = `
<ScrollView
  dataSource={
    ListViewDataSource {
      "items": 17,
    }
  }
  enableEmptySections={true}
  initialListSize={10}
  onContentSizeChange={[Function]}
  onEndReachedThreshold={1000}
  onKeyboardDidHide={undefined}
  onKeyboardDidShow={undefined}
  onKeyboardWillHide={undefined}
  onKeyboardWillShow={undefined}
  onLayout={[Function]}
  onScroll={[Function]}
  pageSize={1}
  removeClippedSubviews={true}
  renderRow={[Function]}
  renderSeparator={[Function]}
  scrollEventThrottle={50}
  scrollRenderAheadDistance={1000}
  stickyHeaderIndices={Array []}
  style={
    Object {
      "flex": 1,
    }
  }>
  <View
    accessibilityComponentType={undefined}
    accessibilityLabel={undefined}
    accessibilityTraits={undefined}
    accessible={true}
    hitSlop={undefined}
    onLayout={undefined}
    onResponderGrant={[Function]}
    onResponderMove={[Function]}
    onResponderRelease={[Function]}
    onResponderTerminate={[Function]}
    onResponderTerminationRequest={[Function]}
    onStartShouldSetResponder={[Function]}
    style={
      Object {
        "opacity": 1,
      }
    }
    testID={undefined}>
    <View
      style={
        Object {
          "alignItems": "center",
          "flex": 1,
          "flexDirection": "row",
          "justifyContent": "space-around",
          "padding": 10,
        }
      }>
      <View
        style={
          Object {
            "flex": 1,
          }
        }>
        <Image
          source={1}
          style={
            Object {
              "flex": 1,
              "height": 32,
              "width": 32,
            }
          }
          uri={undefined} />
      </View>
      <Text
        accessible={true}
        allowFontScaling={true}
        ellipsizeMode="tail"
        style={
          Object {
            "flex": 5,
            "fontSize": 20,
            "textAlign": "left",
          }
        }>
        Nicolaus
         
        Copernicus
      </Text>
      <Text
        accessible={true}
        allowFontScaling={true}
        ellipsizeMode="tail"
        style={
          Object {
            "color": "lightgrey",
            "flex": 1,
            "fontSize": 24,
            "marginRight": 5,
            "textAlign": "right",
          }
        }>
        ★
      </Text>
    </View>
  </View>
  <View
    style={
      Object {
        "borderBottomWidth": 1,
        "borderColor": "lightgrey",
        "flex": 1,
      }
    } />
  <View
    accessibilityComponentType={undefined}
    accessibilityLabel={undefined}
    accessibilityTraits={undefined}
    accessible={true}
    hitSlop={undefined}
    onLayout={undefined}
    onResponderGrant={[Function]}
    onResponderMove={[Function]}
    onResponderRelease={[Function]}
    onResponderTerminate={[Function]}
    onResponderTerminationRequest={[Function]}
    onStartShouldSetResponder={[Function]}
    style={
      Object {
        "opacity": 1,
      }
    }
    testID={undefined}>
    <View
      style={
        Object {
          "alignItems": "center",
          "flex": 1,
          "flexDirection": "row",
          "justifyContent": "space-around",
          "padding": 10,
        }
      }>
      <View
        style={
          Object {
            "flex": 1,
          }
        }>
        <Image
          source={1}
          style={
            Object {
              "flex": 1,
              "height": 32,
              "width": 32,
            }
          }
          uri={undefined} />
      </View>
      <Text
        accessible={true}
        allowFontScaling={true}
        ellipsizeMode="tail"
        style={
          Object {
            "flex": 5,
            "fontSize": 20,
            "textAlign": "left",
          }
        }>
        Tycho
         
        Brahe
      </Text>
      <Text
        accessible={true}
        allowFontScaling={true}
        ellipsizeMode="tail"
        style={
          Object {
            "color": "lightgrey",
            "flex": 1,
            "fontSize": 24,
            "marginRight": 5,
            "textAlign": "right",
          }
        }>
        ★
      </Text>
    </View>
  </View>
  <View
    style={
      Object {
        "borderBottomWidth": 1,
        "borderColor": "lightgrey",
        "flex": 1,
      }
    } />
  <View
    accessibilityComponentType={undefined}
    accessibilityLabel={undefined}
    accessibilityTraits={undefined}
    accessible={true}
    hitSlop={undefined}
    onLayout={undefined}
    onResponderGrant={[Function]}
    onResponderMove={[Function]}
    onResponderRelease={[Function]}
    onResponderTerminate={[Function]}
    onResponderTerminationRequest={[Function]}
    onStartShouldSetResponder={[Function]}
    style={
      Object {
        "opacity": 1,
      }
    }
    testID={undefined}>
    <View
      style={
        Object {
          "alignItems": "center",
          "flex": 1,
          "flexDirection": "row",
          "justifyContent": "space-around",
          "padding": 10,
        }
      }>
      <View
        style={
          Object {
            "flex": 1,
          }
        }>
        <Image
          source={1}
          style={
            Object {
              "flex": 1,
              "height": 32,
              "width": 32,
            }
          }
          uri={undefined} />
      </View>
      <Text
        accessible={true}
        allowFontScaling={true}
        ellipsizeMode="tail"
        style={
          Object {
            "flex": 5,
            "fontSize": 20,
            "textAlign": "left",
          }
        }>
        Clyde
         
        Tombaugh
      </Text>
      <Text
        accessible={true}
        allowFontScaling={true}
        ellipsizeMode="tail"
        style={
          Object {
            "color": "lightgrey",
            "flex": 1,
            "fontSize": 24,
            "marginRight": 5,
            "textAlign": "right",
          }
        }>
        ★
      </Text>
    </View>
  </View>
  <View
    style={
      Object {
        "borderBottomWidth": 1,
        "borderColor": "lightgrey",
        "flex": 1,
      }
    } />
  <View
    accessibilityComponentType={undefined}
    accessibilityLabel={undefined}
    accessibilityTraits={undefined}
    accessible={true}
    hitSlop={undefined}
    onLayout={undefined}
    onResponderGrant={[Function]}
    onResponderMove={[Function]}
    onResponderRelease={[Function]}
    onResponderTerminate={[Function]}
    onResponderTerminationRequest={[Function]}
    onStartShouldSetResponder={[Function]}
    style={
      Object {
        "opacity": 1,
      }
    }
    testID={undefined}>
    <View
      style={
        Object {
          "alignItems": "center",
          "flex": 1,
          "flexDirection": "row",
          "justifyContent": "space-around",
          "padding": 10,
        }
      }>
      <View
        style={
          Object {
            "flex": 1,
          }
        }>
        <Image
          source={1}
          style={
            Object {
              "flex": 1,
              "height": 32,
              "width": 32,
            }
          }
          uri={undefined} />
      </View>
      <Text
        accessible={true}
        allowFontScaling={true}
        ellipsizeMode="tail"
        style={
          Object {
            "flex": 5,
            "fontSize": 20,
            "textAlign": "left",
          }
        }>
        William
         
        Herschel
      </Text>
      <Text
        accessible={true}
        allowFontScaling={true}
        ellipsizeMode="tail"
        style={
          Object {
            "color": "lightgrey",
            "flex": 1,
            "fontSize": 24,
            "marginRight": 5,
            "textAlign": "right",
          }
        }>
        ★
      </Text>
    </View>
  </View>
  <View
    style={
      Object {
        "borderBottomWidth": 1,
        "borderColor": "lightgrey",
        "flex": 1,
      }
    } />
  <View
    accessibilityComponentType={undefined}
    accessibilityLabel={undefined}
    accessibilityTraits={undefined}
    accessible={true}
    hitSlop={undefined}
    onLayout={undefined}
    onResponderGrant={[Function]}
    onResponderMove={[Function]}
    onResponderRelease={[Function]}
    onResponderTerminate={[Function]}
    onResponderTerminationRequest={[Function]}
    onStartShouldSetResponder={[Function]}
    style={
      Object {
        "opacity": 1,
      }
    }
    testID={undefined}>
    <View
      style={
        Object {
          "alignItems": "center",
          "flex": 1,
          "flexDirection": "row",
          "justifyContent": "space-around",
          "padding": 10,
        }
      }>
      <View
        style={
          Object {
            "flex": 1,
          }
        }>
        <Image
          source={1}
          style={
            Object {
              "flex": 1,
              "height": 32,
              "width": 32,
            }
          }
          uri={undefined} />
      </View>
      <Text
        accessible={true}
        allowFontScaling={true}
        ellipsizeMode="tail"
        style={
          Object {
            "flex": 5,
            "fontSize": 20,
            "textAlign": "left",
          }
        }>
        John
         
        Herschel
      </Text>
      <Text
        accessible={true}
        allowFontScaling={true}
        ellipsizeMode="tail"
        style={
          Object {
            "color": "lightgrey",
            "flex": 1,
            "fontSize": 24,
            "marginRight": 5,
            "textAlign": "right",
          }
        }>
        ★
      </Text>
    </View>
  </View>
  <View
    style={
      Object {
        "borderBottomWidth": 1,
        "borderColor": "lightgrey",
        "flex": 1,
      }
    } />
  <View
    accessibilityComponentType={undefined}
    accessibilityLabel={undefined}
    accessibilityTraits={undefined}
    accessible={true}
    hitSlop={undefined}
    onLayout={undefined}
    onResponderGrant={[Function]}
    onResponderMove={[Function]}
    onResponderRelease={[Function]}
    onResponderTerminate={[Function]}
    onResponderTerminationRequest={[Function]}
    onStartShouldSetResponder={[Function]}
    style={
      Object {
        "opacity": 1,
      }
    }
    testID={undefined}>
    <View
      style={
        Object {
          "alignItems": "center",
          "flex": 1,
          "flexDirection": "row",
          "justifyContent": "space-around",
          "padding": 10,
        }
      }>
      <View
        style={
          Object {
            "flex": 1,
          }
        }>
        <Image
          source={1}
          style={
            Object {
              "flex": 1,
              "height": 32,
              "width": 32,
            }
          }
          uri={undefined} />
      </View>
      <Text
        accessible={true}
        allowFontScaling={true}
        ellipsizeMode="tail"
        style={
          Object {
            "flex": 5,
            "fontSize": 20,
            "textAlign": "left",
          }
        }>
        Charles
         
        Messier
      </Text>
      <Text
        accessible={true}
        allowFontScaling={true}
        ellipsizeMode="tail"
        style={
          Object {
            "color": "lightgrey",
            "flex": 1,
            "fontSize": 24,
            "marginRight": 5,
            "textAlign": "right",
          }
        }>
        ★
      </Text>
    </View>
  </View>
  <View
    style={
      Object {
        "borderBottomWidth": 1,
        "borderColor": "lightgrey",
        "flex": 1,
      }
    } />
  <View
    accessibilityComponentType={undefined}
    accessibilityLabel={undefined}
    accessibilityTraits={undefined}
    accessible={true}
    hitSlop={undefined}
    onLayout={undefined}
    onResponderGrant={[Function]}
    onResponderMove={[Function]}
    onResponderRelease={[Function]}
    onResponderTerminate={[Function]}
    onResponderTerminationRequest={[Function]}
    onStartShouldSetResponder={[Function]}
    style={
      Object {
        "opacity": 1,
      }
    }
    testID={undefined}>
    <View
      style={
        Object {
          "alignItems": "center",
          "flex": 1,
          "flexDirection": "row",
          "justifyContent": "space-around",
          "padding": 10,
        }
      }>
      <View
        style={
          Object {
            "flex": 1,
          }
        }>
        <Image
          source={1}
          style={
            Object {
              "flex": 1,
              "height": 32,
              "width": 32,
            }
          }
          uri={undefined} />
      </View>
      <Text
        accessible={true}
        allowFontScaling={true}
        ellipsizeMode="tail"
        style={
          Object {
            "flex": 5,
            "fontSize": 20,
            "textAlign": "left",
          }
        }>
        Henrietta
         
        Leavitt
      </Text>
      <Text
        accessible={true}
        allowFontScaling={true}
        ellipsizeMode="tail"
        style={
          Object {
            "color": "lightgrey",
            "flex": 1,
            "fontSize": 24,
            "marginRight": 5,
            "textAlign": "right",
          }
        }>
        ★
      </Text>
    </View>
  </View>
  <View
    style={
      Object {
        "borderBottomWidth": 1,
        "borderColor": "lightgrey",
        "flex": 1,
      }
    } />
  <View
    accessibilityComponentType={undefined}
    accessibilityLabel={undefined}
    accessibilityTraits={undefined}
    accessible={true}
    hitSlop={undefined}
    onLayout={undefined}
    onResponderGrant={[Function]}
    onResponderMove={[Function]}
    onResponderRelease={[Function]}
    onResponderTerminate={[Function]}
    onResponderTerminationRequest={[Function]}
    onStartShouldSetResponder={[Function]}
    style={
      Object {
        "opacity": 1,
      }
    }
    testID={undefined}>
    <View
      style={
        Object {
          "alignItems": "center",
          "flex": 1,
          "flexDirection": "row",
          "justifyContent": "space-around",
          "padding": 10,
        }
      }>
      <View
        style={
          Object {
            "flex": 1,
          }
        }>
        <Image
          source={1}
          style={
            Object {
              "flex": 1,
              "height": 32,
              "width": 32,
            }
          }
          uri={undefined} />
      </View>
      <Text
        accessible={true}
        allowFontScaling={true}
        ellipsizeMode="tail"
        style={
          Object {
            "flex": 5,
            "fontSize": 20,
            "textAlign": "left",
          }
        }>
        Jérôme
         
        Lalande
      </Text>
      <Text
        accessible={true}
        allowFontScaling={true}
        ellipsizeMode="tail"
        style={
          Object {
            "color": "lightgrey",
            "flex": 1,
            "fontSize": 24,
            "marginRight": 5,
            "textAlign": "right",
          }
        }>
        ★
      </Text>
    </View>
  </View>
  <View
    style={
      Object {
        "borderBottomWidth": 1,
        "borderColor": "lightgrey",
        "flex": 1,
      }
    } />
  <View
    accessibilityComponentType={undefined}
    accessibilityLabel={undefined}
    accessibilityTraits={undefined}
    accessible={true}
    hitSlop={undefined}
    onLayout={undefined}
    onResponderGrant={[Function]}
    onResponderMove={[Function]}
    onResponderRelease={[Function]}
    onResponderTerminate={[Function]}
    onResponderTerminationRequest={[Function]}
    onStartShouldSetResponder={[Function]}
    style={
      Object {
        "opacity": 1,
      }
    }
    testID={undefined}>
    <View
      style={
        Object {
          "alignItems": "center",
          "flex": 1,
          "flexDirection": "row",
          "justifyContent": "space-around",
          "padding": 10,
        }
      }>
      <View
        style={
          Object {
            "flex": 1,
          }
        }>
        <Image
          source={1}
          style={
            Object {
              "flex": 1,
              "height": 32,
              "width": 32,
            }
          }
          uri={undefined} />
      </View>
      <Text
        accessible={true}
        allowFontScaling={true}
        ellipsizeMode="tail"
        style={
          Object {
            "flex": 5,
            "fontSize": 20,
            "textAlign": "left",
          }
        }>
        Ejnar
         
        Herzsprung
      </Text>
      <Text
        accessible={true}
        allowFontScaling={true}
        ellipsizeMode="tail"
        style={
          Object {
            "color": "lightgrey",
            "flex": 1,
            "fontSize": 24,
            "marginRight": 5,
            "textAlign": "right",
          }
        }>
        ★
      </Text>
    </View>
  </View>
  <View
    style={
      Object {
        "borderBottomWidth": 1,
        "borderColor": "lightgrey",
        "flex": 1,
      }
    } />
  <View
    accessibilityComponentType={undefined}
    accessibilityLabel={undefined}
    accessibilityTraits={undefined}
    accessible={true}
    hitSlop={undefined}
    onLayout={undefined}
    onResponderGrant={[Function]}
    onResponderMove={[Function]}
    onResponderRelease={[Function]}
    onResponderTerminate={[Function]}
    onResponderTerminationRequest={[Function]}
    onStartShouldSetResponder={[Function]}
    style={
      Object {
        "opacity": 1,
      }
    }
    testID={undefined}>
    <View
      style={
        Object {
          "alignItems": "center",
          "flex": 1,
          "flexDirection": "row",
          "justifyContent": "space-around",
          "padding": 10,
        }
      }>
      <View
        style={
          Object {
            "flex": 1,
          }
        }>
        <Image
          source={1}
          style={
            Object {
              "flex": 1,
              "height": 32,
              "width": 32,
            }
          }
          uri={undefined} />
      </View>
      <Text
        accessible={true}
        allowFontScaling={true}
        ellipsizeMode="tail"
        style={
          Object {
            "flex": 5,
            "fontSize": 20,
            "textAlign": "left",
          }
        }>
        Edwin
         
        Hubble
      </Text>
      <Text
        accessible={true}
        allowFontScaling={true}
        ellipsizeMode="tail"
        style={
          Object {
            "color": "lightgrey",
            "flex": 1,
            "fontSize": 24,
            "marginRight": 5,
            "textAlign": "right",
          }
        }>
        ★
      </Text>
    </View>
  </View>
  <View
    style={
      Object {
        "borderBottomWidth": 1,
        "borderColor": "lightgrey",
        "flex": 1,
      }
    } />
</ScrollView>
`;
