exports[`test renders a contact 1`] = `
<View
  accessibilityComponentType={undefined}
  accessibilityLabel={undefined}
  accessibilityTraits={undefined}
  accessible={true}
  hitSlop={undefined}
  onLayout={undefined}
  onResponderGrant={[Function]}
  onResponderMove={[Function]}
  onResponderRelease={[Function]}
  onResponderTerminate={[Function]}
  onResponderTerminationRequest={[Function]}
  onStartShouldSetResponder={[Function]}
  style={
    Array [
      Object {
        "backgroundColor": "transparent",
      },
      undefined,
    ]
  }
  testID={undefined}>
  <View
    style={
      Object {
        "backgroundColor": "#F5FCFF",
        "flex": 1,
        "flexDirection": "row",
        "justifyContent": "space-around",
        "padding": 5,
      }
    }>
    <Image
      source={Object {}}
      style={undefined} />
    <Text
      accessible={true}
      allowFontScaling={true}
      ellipsizeMode="tail"
      style={
        Object {
          "flex": 5,
          "fontSize": 20,
          "marginBottom": 5,
          "textAlign": "left",
        }
      }>
      Nicolaus
       
      Copernicus
    </Text>
    <Text
      accessible={true}
      allowFontScaling={true}
      ellipsizeMode="tail"
      style={
        Object {
          "fontSize": 25,
          "marginRight": 15,
          "textAlign": "right",
        }
      }>
      
    </Text>
  </View>
</View>
`;

exports[`test renders an active contact 1`] = `
<View
  accessibilityComponentType={undefined}
  accessibilityLabel={undefined}
  accessibilityTraits={undefined}
  accessible={true}
  hitSlop={undefined}
  onLayout={undefined}
  onResponderGrant={[Function]}
  onResponderMove={[Function]}
  onResponderRelease={[Function]}
  onResponderTerminate={[Function]}
  onResponderTerminationRequest={[Function]}
  onStartShouldSetResponder={[Function]}
  style={
    Array [
      Object {
        "backgroundColor": "transparent",
      },
      undefined,
    ]
  }
  testID={undefined}>
  <View
    style={
      Object {
        "backgroundColor": "#F5FCFF",
        "flex": 1,
        "flexDirection": "row",
        "justifyContent": "space-around",
        "padding": 5,
      }
    }>
    <Image
      source={Object {}}
      style={undefined} />
    <Text
      accessible={true}
      allowFontScaling={true}
      ellipsizeMode="tail"
      style={
        Object {
          "flex": 5,
          "fontSize": 20,
          "marginBottom": 5,
          "textAlign": "left",
        }
      }>
      Nicolaus
       
      Copernicus
    </Text>
    <Text
      accessible={true}
      allowFontScaling={true}
      ellipsizeMode="tail"
      style={
        Object {
          "fontSize": 25,
          "marginRight": 15,
          "textAlign": "right",
        }
      }>
      ✓
    </Text>
  </View>
</View>
`;
