exports[`test renders a list of friends 1`] = `
<View
  style={
    Object {
      "paddingTop": 64,
    }
  }>
  <ScrollView
    dataSource={
      ListViewDataSource {
        "items": 17,
      }
    }
    initialListSize={10}
    onContentSizeChange={[Function]}
    onEndReachedThreshold={1000}
    onKeyboardDidHide={undefined}
    onKeyboardDidShow={undefined}
    onKeyboardWillHide={undefined}
    onKeyboardWillShow={undefined}
    onLayout={[Function]}
    onScroll={[Function]}
    pageSize={1}
    removeClippedSubviews={true}
    renderRow={[Function]}
    scrollEventThrottle={50}
    scrollRenderAheadDistance={1000}
    stickyHeaderIndices={Array []}
    style={
      Object {
        "alignSelf": "stretch",
        "backgroundColor": "#ffffff",
        "paddingTop": 20,
      }
    }>
    <View
      accessibilityComponentType={undefined}
      accessibilityLabel={undefined}
      accessibilityTraits={undefined}
      accessible={true}
      hitSlop={undefined}
      onLayout={undefined}
      onResponderGrant={[Function]}
      onResponderMove={[Function]}
      onResponderRelease={[Function]}
      onResponderTerminate={[Function]}
      onResponderTerminationRequest={[Function]}
      onStartShouldSetResponder={[Function]}
      style={
        Array [
          Object {
            "backgroundColor": "transparent",
          },
          undefined,
        ]
      }
      testID={undefined}>
      <View
        style={
          Object {
            "alignItems": "center",
            "backgroundColor": "#F5FCFF",
            "flex": 1,
            "flexDirection": "row",
            "justifyContent": "space-around",
            "padding": 5,
          }
        }>
        <Image
          source={Object {}}
          style={undefined} />
        <Text
          accessible={true}
          allowFontScaling={true}
          ellipsizeMode="tail"
          style={
            Object {
              "flex": 15,
              "fontSize": 20,
              "marginBottom": 5,
              "textAlign": "left",
            }
          }>
          Nicolaus
           
          Copernicus
        </Text>
        <Text
          accessible={true}
          allowFontScaling={true}
          ellipsizeMode="tail"
          style={
            Object {
              "flex": 1,
              "fontSize": 15,
              "marginBottom": 5,
              "marginRight": 5,
              "textAlign": "right",
            }
          }>
          ???
        </Text>
      </View>
    </View>
    <View
      accessibilityComponentType={undefined}
      accessibilityLabel={undefined}
      accessibilityTraits={undefined}
      accessible={true}
      hitSlop={undefined}
      onLayout={undefined}
      onResponderGrant={[Function]}
      onResponderMove={[Function]}
      onResponderRelease={[Function]}
      onResponderTerminate={[Function]}
      onResponderTerminationRequest={[Function]}
      onStartShouldSetResponder={[Function]}
      style={
        Array [
          Object {
            "backgroundColor": "transparent",
          },
          undefined,
        ]
      }
      testID={undefined}>
      <View
        style={
          Object {
            "alignItems": "center",
            "backgroundColor": "#F5FCFF",
            "flex": 1,
            "flexDirection": "row",
            "justifyContent": "space-around",
            "padding": 5,
          }
        }>
        <Image
          source={Object {}}
          style={undefined} />
        <Text
          accessible={true}
          allowFontScaling={true}
          ellipsizeMode="tail"
          style={
            Object {
              "flex": 15,
              "fontSize": 20,
              "marginBottom": 5,
              "textAlign": "left",
            }
          }>
          Tycho
           
          Brahe
        </Text>
        <Text
          accessible={true}
          allowFontScaling={true}
          ellipsizeMode="tail"
          style={
            Object {
              "flex": 1,
              "fontSize": 15,
              "marginBottom": 5,
              "marginRight": 5,
              "textAlign": "right",
            }
          }>
          ???
        </Text>
      </View>
    </View>
    <View
      accessibilityComponentType={undefined}
      accessibilityLabel={undefined}
      accessibilityTraits={undefined}
      accessible={true}
      hitSlop={undefined}
      onLayout={undefined}
      onResponderGrant={[Function]}
      onResponderMove={[Function]}
      onResponderRelease={[Function]}
      onResponderTerminate={[Function]}
      onResponderTerminationRequest={[Function]}
      onStartShouldSetResponder={[Function]}
      style={
        Array [
          Object {
            "backgroundColor": "transparent",
          },
          undefined,
        ]
      }
      testID={undefined}>
      <View
        style={
          Object {
            "alignItems": "center",
            "backgroundColor": "#F5FCFF",
            "flex": 1,
            "flexDirection": "row",
            "justifyContent": "space-around",
            "padding": 5,
          }
        }>
        <Image
          source={Object {}}
          style={undefined} />
        <Text
          accessible={true}
          allowFontScaling={true}
          ellipsizeMode="tail"
          style={
            Object {
              "flex": 15,
              "fontSize": 20,
              "marginBottom": 5,
              "textAlign": "left",
            }
          }>
          Clyde
           
          Tombaugh
        </Text>
        <Text
          accessible={true}
          allowFontScaling={true}
          ellipsizeMode="tail"
          style={
            Object {
              "flex": 1,
              "fontSize": 15,
              "marginBottom": 5,
              "marginRight": 5,
              "textAlign": "right",
            }
          }>
          ???
        </Text>
      </View>
    </View>
    <View
      accessibilityComponentType={undefined}
      accessibilityLabel={undefined}
      accessibilityTraits={undefined}
      accessible={true}
      hitSlop={undefined}
      onLayout={undefined}
      onResponderGrant={[Function]}
      onResponderMove={[Function]}
      onResponderRelease={[Function]}
      onResponderTerminate={[Function]}
      onResponderTerminationRequest={[Function]}
      onStartShouldSetResponder={[Function]}
      style={
        Array [
          Object {
            "backgroundColor": "transparent",
          },
          undefined,
        ]
      }
      testID={undefined}>
      <View
        style={
          Object {
            "alignItems": "center",
            "backgroundColor": "#F5FCFF",
            "flex": 1,
            "flexDirection": "row",
            "justifyContent": "space-around",
            "padding": 5,
          }
        }>
        <Image
          source={Object {}}
          style={undefined} />
        <Text
          accessible={true}
          allowFontScaling={true}
          ellipsizeMode="tail"
          style={
            Object {
              "flex": 15,
              "fontSize": 20,
              "marginBottom": 5,
              "textAlign": "left",
            }
          }>
          William
           
          Herschel
        </Text>
        <Text
          accessible={true}
          allowFontScaling={true}
          ellipsizeMode="tail"
          style={
            Object {
              "flex": 1,
              "fontSize": 15,
              "marginBottom": 5,
              "marginRight": 5,
              "textAlign": "right",
            }
          }>
          ???
        </Text>
      </View>
    </View>
    <View
      accessibilityComponentType={undefined}
      accessibilityLabel={undefined}
      accessibilityTraits={undefined}
      accessible={true}
      hitSlop={undefined}
      onLayout={undefined}
      onResponderGrant={[Function]}
      onResponderMove={[Function]}
      onResponderRelease={[Function]}
      onResponderTerminate={[Function]}
      onResponderTerminationRequest={[Function]}
      onStartShouldSetResponder={[Function]}
      style={
        Array [
          Object {
            "backgroundColor": "transparent",
          },
          undefined,
        ]
      }
      testID={undefined}>
      <View
        style={
          Object {
            "alignItems": "center",
            "backgroundColor": "#F5FCFF",
            "flex": 1,
            "flexDirection": "row",
            "justifyContent": "space-around",
            "padding": 5,
          }
        }>
        <Image
          source={Object {}}
          style={undefined} />
        <Text
          accessible={true}
          allowFontScaling={true}
          ellipsizeMode="tail"
          style={
            Object {
              "flex": 15,
              "fontSize": 20,
              "marginBottom": 5,
              "textAlign": "left",
            }
          }>
          John
           
          Herschel
        </Text>
        <Text
          accessible={true}
          allowFontScaling={true}
          ellipsizeMode="tail"
          style={
            Object {
              "flex": 1,
              "fontSize": 15,
              "marginBottom": 5,
              "marginRight": 5,
              "textAlign": "right",
            }
          }>
          ???
        </Text>
      </View>
    </View>
    <View
      accessibilityComponentType={undefined}
      accessibilityLabel={undefined}
      accessibilityTraits={undefined}
      accessible={true}
      hitSlop={undefined}
      onLayout={undefined}
      onResponderGrant={[Function]}
      onResponderMove={[Function]}
      onResponderRelease={[Function]}
      onResponderTerminate={[Function]}
      onResponderTerminationRequest={[Function]}
      onStartShouldSetResponder={[Function]}
      style={
        Array [
          Object {
            "backgroundColor": "transparent",
          },
          undefined,
        ]
      }
      testID={undefined}>
      <View
        style={
          Object {
            "alignItems": "center",
            "backgroundColor": "#F5FCFF",
            "flex": 1,
            "flexDirection": "row",
            "justifyContent": "space-around",
            "padding": 5,
          }
        }>
        <Image
          source={Object {}}
          style={undefined} />
        <Text
          accessible={true}
          allowFontScaling={true}
          ellipsizeMode="tail"
          style={
            Object {
              "flex": 15,
              "fontSize": 20,
              "marginBottom": 5,
              "textAlign": "left",
            }
          }>
          Charles
           
          Messier
        </Text>
        <Text
          accessible={true}
          allowFontScaling={true}
          ellipsizeMode="tail"
          style={
            Object {
              "flex": 1,
              "fontSize": 15,
              "marginBottom": 5,
              "marginRight": 5,
              "textAlign": "right",
            }
          }>
          ???
        </Text>
      </View>
    </View>
    <View
      accessibilityComponentType={undefined}
      accessibilityLabel={undefined}
      accessibilityTraits={undefined}
      accessible={true}
      hitSlop={undefined}
      onLayout={undefined}
      onResponderGrant={[Function]}
      onResponderMove={[Function]}
      onResponderRelease={[Function]}
      onResponderTerminate={[Function]}
      onResponderTerminationRequest={[Function]}
      onStartShouldSetResponder={[Function]}
      style={
        Array [
          Object {
            "backgroundColor": "transparent",
          },
          undefined,
        ]
      }
      testID={undefined}>
      <View
        style={
          Object {
            "alignItems": "center",
            "backgroundColor": "#F5FCFF",
            "flex": 1,
            "flexDirection": "row",
            "justifyContent": "space-around",
            "padding": 5,
          }
        }>
        <Image
          source={Object {}}
          style={undefined} />
        <Text
          accessible={true}
          allowFontScaling={true}
          ellipsizeMode="tail"
          style={
            Object {
              "flex": 15,
              "fontSize": 20,
              "marginBottom": 5,
              "textAlign": "left",
            }
          }>
          Henrietta
           
          Leavitt
        </Text>
        <Text
          accessible={true}
          allowFontScaling={true}
          ellipsizeMode="tail"
          style={
            Object {
              "flex": 1,
              "fontSize": 15,
              "marginBottom": 5,
              "marginRight": 5,
              "textAlign": "right",
            }
          }>
          ???
        </Text>
      </View>
    </View>
    <View
      accessibilityComponentType={undefined}
      accessibilityLabel={undefined}
      accessibilityTraits={undefined}
      accessible={true}
      hitSlop={undefined}
      onLayout={undefined}
      onResponderGrant={[Function]}
      onResponderMove={[Function]}
      onResponderRelease={[Function]}
      onResponderTerminate={[Function]}
      onResponderTerminationRequest={[Function]}
      onStartShouldSetResponder={[Function]}
      style={
        Array [
          Object {
            "backgroundColor": "transparent",
          },
          undefined,
        ]
      }
      testID={undefined}>
      <View
        style={
          Object {
            "alignItems": "center",
            "backgroundColor": "#F5FCFF",
            "flex": 1,
            "flexDirection": "row",
            "justifyContent": "space-around",
            "padding": 5,
          }
        }>
        <Image
          source={Object {}}
          style={undefined} />
        <Text
          accessible={true}
          allowFontScaling={true}
          ellipsizeMode="tail"
          style={
            Object {
              "flex": 15,
              "fontSize": 20,
              "marginBottom": 5,
              "textAlign": "left",
            }
          }>
          Jérôme
           
          Lalande
        </Text>
        <Text
          accessible={true}
          allowFontScaling={true}
          ellipsizeMode="tail"
          style={
            Object {
              "flex": 1,
              "fontSize": 15,
              "marginBottom": 5,
              "marginRight": 5,
              "textAlign": "right",
            }
          }>
          ???
        </Text>
      </View>
    </View>
    <View
      accessibilityComponentType={undefined}
      accessibilityLabel={undefined}
      accessibilityTraits={undefined}
      accessible={true}
      hitSlop={undefined}
      onLayout={undefined}
      onResponderGrant={[Function]}
      onResponderMove={[Function]}
      onResponderRelease={[Function]}
      onResponderTerminate={[Function]}
      onResponderTerminationRequest={[Function]}
      onStartShouldSetResponder={[Function]}
      style={
        Array [
          Object {
            "backgroundColor": "transparent",
          },
          undefined,
        ]
      }
      testID={undefined}>
      <View
        style={
          Object {
            "alignItems": "center",
            "backgroundColor": "#F5FCFF",
            "flex": 1,
            "flexDirection": "row",
            "justifyContent": "space-around",
            "padding": 5,
          }
        }>
        <Image
          source={Object {}}
          style={undefined} />
        <Text
          accessible={true}
          allowFontScaling={true}
          ellipsizeMode="tail"
          style={
            Object {
              "flex": 15,
              "fontSize": 20,
              "marginBottom": 5,
              "textAlign": "left",
            }
          }>
          Ejnar
           
          Herzsprung
        </Text>
        <Text
          accessible={true}
          allowFontScaling={true}
          ellipsizeMode="tail"
          style={
            Object {
              "flex": 1,
              "fontSize": 15,
              "marginBottom": 5,
              "marginRight": 5,
              "textAlign": "right",
            }
          }>
          ???
        </Text>
      </View>
    </View>
    <View
      accessibilityComponentType={undefined}
      accessibilityLabel={undefined}
      accessibilityTraits={undefined}
      accessible={true}
      hitSlop={undefined}
      onLayout={undefined}
      onResponderGrant={[Function]}
      onResponderMove={[Function]}
      onResponderRelease={[Function]}
      onResponderTerminate={[Function]}
      onResponderTerminationRequest={[Function]}
      onStartShouldSetResponder={[Function]}
      style={
        Array [
          Object {
            "backgroundColor": "transparent",
          },
          undefined,
        ]
      }
      testID={undefined}>
      <View
        style={
          Object {
            "alignItems": "center",
            "backgroundColor": "#F5FCFF",
            "flex": 1,
            "flexDirection": "row",
            "justifyContent": "space-around",
            "padding": 5,
          }
        }>
        <Image
          source={Object {}}
          style={undefined} />
        <Text
          accessible={true}
          allowFontScaling={true}
          ellipsizeMode="tail"
          style={
            Object {
              "flex": 15,
              "fontSize": 20,
              "marginBottom": 5,
              "textAlign": "left",
            }
          }>
          Edwin
           
          Hubble
        </Text>
        <Text
          accessible={true}
          allowFontScaling={true}
          ellipsizeMode="tail"
          style={
            Object {
              "flex": 1,
              "fontSize": 15,
              "marginBottom": 5,
              "marginRight": 5,
              "textAlign": "right",
            }
          }>
          ???
        </Text>
      </View>
    </View>
  </ScrollView>
</View>
`;
