exports[`test picks up a sorted list of contacts from the store 1`] = `
Array [
  Object {
    "familyName": "Messier",
    "givenName": "Charles",
    "helloAgainID": "charles-messier-b593",
    "recordID": 6,
  },
  Object {
    "familyName": "Tombaugh",
    "givenName": "Clyde",
    "helloAgainID": "clyde-tombaugh-b596",
    "recordID": 3,
  },
  Object {
    "familyName": "Klumpke",
    "givenName": "Dorothea",
    "helloAgainID": "dorothea-klumpke-67a1",
    "recordID": 15,
  },
  Object {
    "familyName": "Hubble",
    "givenName": "Edwin",
    "helloAgainID": "edwin-hubble-6804",
    "recordID": 10,
  },
  Object {
    "familyName": "Herzsprung",
    "givenName": "Ejnar",
    "helloAgainID": "ejnar-herzsprung-b59c",
    "recordID": 9,
  },
  Object {
    "familyName": "Struve",
    "givenName": "Gustav Wilhelm Ludvig",
    "helloAgainID": "gustav-wilhelm-ludvig-struve-67c2",
    "recordID": 16,
  },
  Object {
    "familyName": "Leavitt",
    "givenName": "Henrietta",
    "helloAgainID": "henrietta-leavitt-b592",
    "middleName": "Swan",
    "recordID": 7,
  },
  Object {
    "familyName": "Oort",
    "givenName": "Jan",
    "helloAgainID": "jan-oort-6780",
    "recordID": 14,
  },
  Object {
    "familyName": "Kepler",
    "givenName": "Johannes",
    "helloAgainID": "johannes-kepler-6846",
    "recordID": 12,
  },
  Object {
    "familyName": "Herschel",
    "givenName": "John",
    "helloAgainID": "john-herschel-b590",
    "recordID": 5,
  },
  Object {
    "familyName": "Lalande",
    "givenName": "Jérôme",
    "helloAgainID": "j-r-me-lalande-b59d",
    "recordID": 8,
  },
  Object {
    "familyName": "Wolf",
    "givenName": "Max",
    "helloAgainID": "max-wolf-67e3",
    "recordID": 17,
  },
  Object {
    "familyName": "Humason",
    "givenName": "Milton",
    "helloAgainID": "milton-humason-6867",
    "middleName": "L.",
    "recordID": 13,
  },
  Object {
    "familyName": "Copernicus",
    "givenName": "Nicolaus",
    "helloAgainID": "nicolaus-copernicus-b594",
    "recordID": 1,
  },
  Object {
    "familyName": "Brahe",
    "givenName": "Tycho",
    "helloAgainID": "tycho-brahe-b597",
    "recordID": 2,
  },
  Object {
    "familyName": "Rubin",
    "givenName": "Vera",
    "helloAgainID": "vera-rubin-6825",
    "recordID": 11,
  },
  Object {
    "familyName": "Herschel",
    "givenName": "William",
    "helloAgainID": "william-herschel-b591",
    "recordID": 4,
  },
]
`;
