exports[`test picks up a sorted list of contacts from the store 1`] = `
Array [
  Object {
    "familyName": "Messier",
    "givenName": "Charles",
    "recordID": 6,
  },
  Object {
    "familyName": "Tombaugh",
    "givenName": "Clyde",
    "recordID": 3,
  },
  Object {
    "familyName": "Klumpke",
    "givenName": "Dorothea",
    "recordID": 15,
  },
  Object {
    "familyName": "Hubble",
    "givenName": "Edwin",
    "recordID": 10,
  },
  Object {
    "familyName": "Herzsprung",
    "givenName": "Ejnar",
    "recordID": 9,
  },
  Object {
    "familyName": "Struve",
    "givenName": "Gustav Wilhelm Ludvig",
    "recordID": 16,
  },
  Object {
    "familyName": "Leavitt",
    "givenName": "Henrietta",
    "middleName": "Swan",
    "recordID": 7,
  },
  Object {
    "familyName": "Oort",
    "givenName": "Jan",
    "recordID": 14,
  },
  Object {
    "familyName": "Kepler",
    "givenName": "Johannes",
    "recordID": 12,
  },
  Object {
    "familyName": "Herschel",
    "givenName": "John",
    "recordID": 5,
  },
  Object {
    "familyName": "Lalande",
    "givenName": "Jérôme",
    "recordID": 8,
  },
  Object {
    "familyName": "Wolf",
    "givenName": "Max",
    "recordID": 17,
  },
  Object {
    "familyName": "Humason",
    "givenName": "Milton",
    "middleName": "L.",
    "recordID": 13,
  },
  Object {
    "familyName": "Copernicus",
    "givenName": "Nicolaus",
    "recordID": 1,
  },
  Object {
    "familyName": "Brahe",
    "givenName": "Tycho",
    "recordID": 2,
  },
  Object {
    "familyName": "Rubin",
    "givenName": "Vera",
    "recordID": 11,
  },
  Object {
    "familyName": "Herschel",
    "givenName": "William",
    "recordID": 4,
  },
]
`;
