exports[`test sorts and filters a list of friends from the store 1`] = `
Array [
  Object {
    "familyName": "Struve",
    "givenName": "Gustav Wilhelm Ludvig",
    "helloAgainID": "gustav-wilhelm-ludvig-struve-67c2",
    "isActive": true,
    "rank": 1,
    "recordID": 16,
  },
  Object {
    "familyName": "Copernicus",
    "givenName": "Nicolaus",
    "helloAgainID": "nicolaus-copernicus-b594",
    "isActive": true,
    "rank": 2,
    "recordID": 1,
  },
  Object {
    "familyName": "Leavitt",
    "givenName": "Henrietta",
    "helloAgainID": "henrietta-leavitt-b592",
    "isActive": true,
    "middleName": "Swan",
    "rank": 3,
    "recordID": 7,
  },
  Object {
    "familyName": "Herschel",
    "givenName": "William",
    "helloAgainID": "william-herschel-b591",
    "isActive": true,
    "rank": 4,
    "recordID": 4,
  },
  Object {
    "familyName": "Klumpke",
    "givenName": "Dorothea",
    "helloAgainID": "dorothea-klumpke-67a1",
    "isActive": true,
    "rank": 5,
    "recordID": 15,
  },
  Object {
    "familyName": "Herzsprung",
    "givenName": "Ejnar",
    "helloAgainID": "ejnar-herzsprung-b59c",
    "isActive": true,
    "rank": 6,
    "recordID": 9,
  },
]
`;
